[devfestsw.gdg.ng/index.html]
[backblue.gif]
[fade.gif]
[index.html]
[devfestsw.gdg.ng/img/favicons/favicon.ico]
[devfestsw.gdg.ng/img/favicons/apple-touch-icon-152x152.png]
[devfestsw.gdg.ng/img/favicons/apple-touch-icon-144x144.png]
[devfestsw.gdg.ng/img/favicons/apple-touch-icon-120x120.png]
[devfestsw.gdg.ng/img/favicons/apple-touch-icon-114x114.png]
[devfestsw.gdg.ng/img/favicons/apple-touch-icon-76x76.png]
[devfestsw.gdg.ng/img/favicons/apple-touch-icon-72x72.png]
[devfestsw.gdg.ng/img/favicons/apple-touch-icon-60x60.png]
[devfestsw.gdg.ng/img/favicons/apple-touch-icon-57x57.png]
[devfestsw.gdg.ng/img/favicons/favicon-196x196.png]
[devfestsw.gdg.ng/img/favicons/favicon-160x160.png]
[devfestsw.gdg.ng/img/favicons/favicon-96x96.png]
[devfestsw.gdg.ng/img/favicons/favicon-32x32.png]
[devfestsw.gdg.ng/img/favicons/favicon-16x16.png]
[devfestsw.gdg.ng/img/favicons/mstile-144x144.png]
[devfestsw.gdg.ng/img/favicons/browserconfig.xml]
[devfestsw.gdg.ng/css/main.css]
[devfestsw.gdg.ng/img/sections-background/hero.jpg]
[devfestsw.gdg.ng/img/sprites/sprites.svg]
[devfestsw.gdg.ng/img/sprites/gdg-devfest-2015.png]
[devfestsw.gdg.ng/img/about-section/developers.jpg]
[devfestsw.gdg.ng/schedule/index.html]
[devfestsw.gdg.ng/speakers/index.html]
[devfestsw.gdg.ng/img/about-section/developers-2.jpg]
[devfestsw.gdg.ng/img/sections-background/statistic.jpg]
[devfestsw.gdg.ng/img/sections-background/rockstar-speakers.jpg]
[devfestsw.gdg.ng/img/organizers/gdg-lagos.svg]
[devfestsw.gdg.ng/logistics/index.html]
[devfestsw.gdg.ng/img/organizers/gdg-unilag.svg]
[devfestsw.gdg.ng/img/organizers/gdg-ibadan.svg]
[devfestsw.gdg.ng/img/organizers/gdg-funaab.svg]
[devfestsw.gdg.ng/img/organizers/gdg-bells.svg]
[devfestsw.gdg.ng/img/partners/google.svg]
[devfestsw.gdg.ng/img/partners/cchub-logo.png]
[devfestsw.gdg.ng/img/partners/idea-logo.jpg]
[devfestsw.gdg.ng/feed.xml]
[devfestsw.gdg.ng/cod/index.html]
[devfestsw.gdg.ng/js/default.js]
[devfestsw.gdg.ng/img/other/map-marker.svg]
[devfestsw.gdg.ng/index.html]
[devfestsw.gdg.ng/js/scripts.min.js]
[devfestsw.gdg.ng/css/main.css]
[devfestsw.gdg.ng/img/sprites/sprites.svg]
[devfestsw.gdg.ng/img/sprites/logos.svg]
[devfestsw.gdg.ng/img/sections-background/google-ad.jpg]
[devfestsw.gdg.ng/img/people/femi-longe.png]
[devfestsw.gdg.ng/img/people/dftaiwo.jpg]
[devfestsw.gdg.ng/img/people/adewale.jpg]
[devfestsw.gdg.ng/img/people/moyin.jpg]
[devfestsw.gdg.ng/img/people/nanyak.jpg]
[devfestsw.gdg.ng/img/people/money.jpg]
[devfestsw.gdg.ng/img/people/tommy.jpg]
[devfestsw.gdg.ng/img/people/william.jpg]
[devfestsw.gdg.ng/img/people/lara.jpg]
[devfestsw.gdg.ng/img/people/zainab.jpg]
[devfestsw.gdg.ng/img/people/ire.jpg]
[devfestsw.gdg.ng/img/people/abiosoft.jpg]
[devfestsw.gdg.ng/img/people/mayor.jpg]
[devfestsw.gdg.ng/img/people/oyewale.jpg]
[devfestsw.gdg.ng/img/people/kama.jpg]
[devfestsw.gdg.ng/img/people/charles.jpg]
[devfestsw.gdg.ng/schedule/index.html]
[devfestsw.gdg.ng/img/people/alli.jpg]
[devfestsw.gdg.ng/speakers/index.html]
[devfestsw.gdg.ng/logistics/index.html]
[devfestsw.gdg.ng/img/organizers/gdg-lagos.svg]
[devfestsw.gdg.ng/img/organizers/gdg-unilag.svg]
[devfestsw.gdg.ng/img/organizers/gdg-ibadan.svg]
[devfestsw.gdg.ng/img/organizers/gdg-funaab.svg]
[devfestsw.gdg.ng/img/organizers/gdg-bells.svg]
[devfestsw.gdg.ng/img/partners/google.svg]
[devfestsw.gdg.ng/img/sections-background/direction-details.jpg]
[devfestsw.gdg.ng/img/posts/cod.jpg]
[devfestsw.gdg.ng/cod/index.html]
[devfestsw.gdg.ng/img/other/map-marker.svg]
[devfestsw.gdg.ng/img/sprites/logos.svg]
[devfestsw.gdg.ng/img/sections-background/google-ad.jpg]
